// Jest Snapshot v1, https://goo.gl/fbAQLP

exports[`ConfirmDialog Opens dialog correctly 1`] = `
<ConfirmDialogContainer
  confirmAction={[Function]}
  content={
    Object {
      "body": "message",
      "cancel": "cancel",
      "confirm": "confirm",
    }
  }
  open={true}
  resetAction={[Function]}
  slug="centreon"
  store={
    Object {
      "clearActions": [Function],
      "dispatch": [Function],
      "getActions": [Function],
      "getState": [Function],
      "replaceReducer": [Function],
      "subscribe": [Function],
    }
  }
  storeSubscription={
    Subscription {
      "listeners": Object {
        "clear": [Function],
        "get": [Function],
        "notify": [Function],
        "subscribe": [Function],
      },
      "onStateChange": [Function],
      "parentSub": undefined,
      "store": Object {
        "clearActions": [Function],
        "dispatch": [Function],
        "getActions": [Function],
        "getState": [Function],
        "replaceReducer": [Function],
        "subscribe": [Function],
      },
      "unsubscribe": [Function],
    }
  }
/>
`;
