// Jest Snapshot v1, https://goo.gl/fbAQLP

exports[`UnlinkSubscriptionButton Render button switch correctly 1`] = `
<UnlinkSubscriptionButtonContainer
  allowAction={false}
  allowedSlug={null}
  instanceId="1"
  openConfirmDialog={[Function]}
  patchInstance={[Function]}
  store={
    Object {
      "clearActions": [Function],
      "dispatch": [Function],
      "getActions": [Function],
      "getState": [Function],
      "replaceReducer": [Function],
      "subscribe": [Function],
    }
  }
  storeSubscription={
    Subscription {
      "listeners": Object {
        "clear": [Function],
        "get": [Function],
        "notify": [Function],
        "subscribe": [Function],
      },
      "onStateChange": [Function],
      "parentSub": undefined,
      "store": Object {
        "clearActions": [Function],
        "dispatch": [Function],
        "getActions": [Function],
        "getState": [Function],
        "replaceReducer": [Function],
        "subscribe": [Function],
      },
      "unsubscribe": [Function],
    }
  }
  token=""
/>
`;
